RAM Allocation [bytes]
Variable                                                                          Address   Size
------------------------------------------------------------------------------------------------
recv_buf                                                                          0x0300      20
_seed                                                                             0x0314       4

EEPROM Allocation [bytes]
Variable                                                                          Address   Size
------------------------------------------------------------------------------------------------

Register Allocation
Variable                                                                          Register  Size
------------------------------------------------------------------------------------------------
recv_buf_ind                                                                      R5           1
recv_done                                                                         R4           1

FLASH Allocation [words]
Function                                                                          Address   Size
------------------------------------------------------------------------------------------------
ADC_init                                                                          0x000A8     11
ADC_read                                                                          0x000B3     33
USART_init                                                                        0x000D4     16
USART_put                                                                         0x000E4     46
USART_receive_isr                                                                 0x00112     44
LCD_action                                                                        0x0013E     37
LCD_init                                                                          0x00163     23
LCD_clear                                                                         0x0017A      9
LCD_print                                                                         0x00183     64
LCD_print_pos                                                                     0x001C3     30
read_dht11                                                                        0x001E1    147
main                                                                              0x00274    461
put_buff_G100                                                                     0x00441     64
_ftoe_G100                                                                        0x00481    355
_print_G100                                                                       0x005E4    749
sprintf                                                                           0x008D1     60
get_buff_G100                                                                     0x0090D     44
_scanf_G100                                                                       0x00939    428
sscanf                                                                            0x00AE5     51
memset                                                                            0x00B18     16
strcpyf                                                                           0x00B28     13
strlen                                                                            0x00B35     12
strlenf                                                                           0x00B41     13
strrchr                                                                           0x00B4E     14
isdigit                                                                           0x00B5C      9
isspace                                                                           0x00B65     11
isxdigit                                                                          0x00B70     15
ftrunc                                                                            0x00B7F     49
floor                                                                             0x00BB0     23
ftoa                                                                              0x00BC7    296
